// Jest Snapshot v1, https://goo.gl/fbAQLP

exports[`<UploadMainImages/> snapshot to <UploadUserImage/> 1`] = `
<section
  className="upload__form"
>
  <form
    className="upload__singleImage"
    onSubmit={[Function]}
  >
    <input
      accept="image/*"
      id="user_photo"
      name="picture"
      onChange={[Function]}
      required="required"
      type="file"
    />
    <label
      htmlFor="user_photo"
    >
       
      <img
        accept="image/*"
        alt=""
        className="choose_image"
        src="default_profile_image.svg"
        style={
          Object {
            "height": "200px",
            "width": "200px",
          }
        }
      />
    </label>
    <button>
      Guardar
    </button>
  </form>
</section>
`;
